// Jest Snapshot v1, https://goo.gl/fbAQLP

exports[`Print out a table row 1`] = `
<tr>
  <td
    className={undefined}
    onClick={[Function]}
    onMouseEnter={[Function]}
    onMouseLeave={[Function]}
    style={
      Object {
        "backgroundColor": "#fafafa",
        "color": "#bdbdbd",
        "fontSize": 13,
        "height": 48,
        "muiPrepared": true,
        "overflow": "hidden",
        "paddingLeft": 24,
        "paddingRight": 24,
        "textAlign": "left",
        "textOverflow": "ellipsis",
        "whiteSpace": "nowrap",
      }
    }
  >
    Fri, 12:00 AM
     - 
    12:30 AM
    
  </td>
  <td
    className={undefined}
    onClick={[Function]}
    onMouseEnter={[Function]}
    onMouseLeave={[Function]}
    style={
      Object {
        "fontSize": 13,
        "height": 48,
        "muiPrepared": true,
        "overflow": "hidden",
        "paddingLeft": 24,
        "paddingRight": 24,
        "textAlign": "left",
        "textOverflow": "ellipsis",
        "whiteSpace": "nowrap",
      }
    }
  />
</tr>
`;
